[INFO] Scanning for projects...
[INFO] 
[INFO] --------------------------< org.java:irisen >---------------------------
[INFO] Building Spring_04 26.3
[INFO]   from pom.xml
[INFO] --------------------------------[ jar ]---------------------------------
[INFO] 
[INFO] >>> spring-boot:4.0.5:run (default-cli) > test-compile @ irisen >>>
[INFO] 
[INFO] --- resources:3.3.1:resources (default-resources) @ irisen ---
[INFO] Copying 2 resources from src\main\resources to target\classes
[INFO] Copying 49 resources from src\main\resources to target\classes
[INFO] 
[INFO] --- kotlin:2.2.20:compile (compile) @ irisen ---
[INFO] Applied plugin: 'spring'
[WARNING] Duplicate source root: C:\Users\user\Desktop\Irisen\src\main\java\org\java\spring_04\BoardRouter.kt
[INFO] 
[INFO] --- compiler:3.14.1:compile (compile) @ irisen ---
[INFO] Nothing to compile - all classes are up to date.
[INFO] 
[INFO] --- resources:3.3.1:testResources (default-testResources) @ irisen ---
[INFO] skip non existing resourceDirectory C:\Users\user\Desktop\Irisen\src\test\resources
[INFO] 
[INFO] --- kotlin:2.2.20:test-compile (test-compile) @ irisen ---
[INFO] No sources to compile
[INFO] 
[INFO] --- compiler:3.14.1:testCompile (testCompile) @ irisen ---
[INFO] No sources to compile
[INFO] 
[INFO] <<< spring-boot:4.0.5:run (default-cli) < test-compile @ irisen <<<
[INFO] 
[INFO] 
[INFO] --- spring-boot:4.0.5:run (default-cli) @ irisen ---
[INFO] Attaching agents: []

  .   ____          _            __ _ _
 /\\ / ___'_ __ _ _(_)_ __  __ _ \ \ \ \
( ( )\___ | '_ | '_| | '_ \/ _` | \ \ \ \
 \\/  ___)| |_)| | | | | || (_| |  ) ) ) )
  '  |____| .__|_| |_|_| |_\__, | / / / /
 =========|_|==============|___/=/_/_/_/

 :: Spring Boot ::                (v4.0.5)

2026-07-28 09:35:21 [main] INFO  o.java.spring_04.Spring04Application - Starting Spring04Application using Java 23.0.2 with PID 16224 (C:\Users\user\Desktop\Irisen\target\classes started by user in C:\Users\user\Desktop\Irisen)
2026-07-28 09:35:21 [main] INFO  o.java.spring_04.Spring04Application - The following 1 profile is active: "sqlite"
2026-07-28 09:35:22 [main] INFO  o.s.boot.tomcat.TomcatWebServer - Tomcat initialized with port 8080 (http)
2026-07-28 09:35:22 [main] INFO  o.a.catalina.core.StandardService - Starting service [Tomcat]
2026-07-28 09:35:22 [main] INFO  o.a.catalina.core.StandardEngine - Starting Servlet engine: [Apache Tomcat/11.0.20]
2026-07-28 09:35:22 [main] INFO  o.s.b.w.c.s.WebApplicationContextInitializer - Root WebApplicationContext: initialization completed in 1144 ms
2026-07-28 09:35:22 [main] INFO  o.j.spring_04.common.DatabaseConfig - Datasource configured. driver=org.sqlite.JDBC database=unknown
[2026-07-28T09:35:22.815446600] ADMIN_LOGIN_CODE set=true hashPrefix=372f3955b377
2026-07-28 09:35:29 [main] INFO  o.s.b.w.a.WelcomePageHandlerMapping - Adding welcome page template: index
2026-07-28 09:35:29 [main] INFO  o.s.boot.tomcat.TomcatWebServer - Tomcat started on port 8080 (http) with context path '/'
2026-07-28 09:35:29 [main] INFO  o.java.spring_04.Spring04Application - Started Spring04Application in 8.848 seconds (process running for 9.277)
[SEED] SQLite runtime detected. Bulk seed skipped.
2026-07-28 09:35:29 [main] INFO  o.j.s.common.ServiceStartupLogger - SERVICE_READY application=Spring_04 port=8080 database=mydb.db mailConfigured=false gcsConfigured=true adminAddressCount=1 sessionSecure=false
